[2J[0m
[26CA u t o S i g  M e n u
[5C[1;30m-ÄÄÄÄÄÄÄÄÄÄÄÄÄÄÄÄÄÄÄÄÄÄÄÄÄÄÄÄÄÄÄÄÄÄÄÄÄÄÄÄÄÄÄÄÄÄÄÄÄÄÄÄÄÄÄÄÄÄÄÄÄÄÄÄÄÄ-Ä [0m
[12C[1;30m([37md[30m) [0mdelete autosig[12C[1;30m([37mu[30m) [0mupload autosignature
[12C[1;30m([37me[30m) [0medit autosignature[8C[1;30m([37mv[30m) [0mview your sig
[12C[1;30m([37mg[30m) [0mgoodbye[18C[1;30m([37m/g[30m) [0mgoodbye fast
[12C[1;30m([37mq[30m) [0mquit to main[13C[1;30m([37m/?[30m) [0mcommand help[18C[1;30m    [0m[5C[1;30m-ÄÄÄÄÄÄÄÄÄÄÄÄÄÄÄÄÄÄÄÄÄÄÄÄÄÄÄÄÄÄÄÄÄÄÄÄÄÄÄÄÄÄÄÄÄÄÄÄÄÄÄÄÄÄÄÄÄÄÄÄÄÄÄÄÄÄ-Ä [0m
[0m