[40m[2J[40m
[0;1;30m[21C[0mA u t o m e s s a g e   M e n u
[5C[1;30m-ÄÄÄÄÄÄÄÄÄÄÄÄÄÄÄÄÄÄÄÄÄÄÄÄÄÄÄÄÄÄÄÄÄÄÄÄÄÄÄÄÄÄÄÄÄÄÄÄÄÄÄÄÄÄÄÄÄÄÄÄÄÄÄÄÄÄ-Ä
[12C([37mw[30m) [0mwrite an automessage[6C[1;30m([37mq[30m) [0mquit to main
[12C[1;30m([37mg[30m) [0mgoodbye[19C[1;30m([37ms[30m) [0mshow automessage
[12C[1;30m([37mr[30m) [0mreply to author [1;30m[[0memail[1;30m]  ([37m/g[30m) [0mgoodbye fast
[41C[1;30m([37m/?[30m) [0mcommand help
[5C[1;30m-ÄÄÄÄÄÄÄÄÄÄÄÄÄÄÄÄÄÄÄÄÄÄÄÄÄÄÄÄÄÄÄÄÄÄÄÄÄÄÄÄÄÄÄÄÄÄÄÄÄÄÄÄÄÄÄÄÄÄÄÄÄÄÄÄÄÄ-Ä[0m
