[255D[0;32mз[1;30mд[0;32mд-[1m-[0;32mд[1mддд-[0;32mд[1mд-[0;32mд[1m-[0;32mдддд-[1;30mд[0;32mдд-[1;30mд[0;32mд-[1;30mддд[0;32m-[1;30mддддддддд[0;32m-[1;30mддддддддддддддддддддддддддддддддддддд©
юддддддддддддддддддддддддддддддддд-[0;32mд[1;30mдддддддд-[0;32mд[1;30mдд-[0;32mдд[1;30m-[0;32mддд[1;30m-[0;32mдддд-[1mд[0;32m-[1mдд[0;32m-[1mддддд[0;32m-[1mдд[0;32mдд[1;30m-ды[0m
