[2J[0m
[26CB B S L i s t  M e n u
[5C[1;30m-ÄÄÄÄÄÄÄÄÄÄÄÄÄÄÄÄÄÄÄÄÄÄÄÄÄÄÄÄÄÄÄÄÄÄÄÄÄÄÄÄÄÄÄÄÄÄÄÄÄÄÄÄÄÄÄÄÄÄÄÄÄÄÄÄÄÄ-Ä [0m
[12C[1;30m([37ma[30m) [0madd bbs to list[11C[1;30m([37mq[30m) [0mquit to main[7C 
[12C[1;30m([37mg[30m) [0mgoodbye[19C[1;30m([37ms[30m) [0mshow bbs info
[12C[1;30m([37ml[30m) [0mdisplay bbs list[9C[1;30m([37m/g[30m) [0mgoodbye fast
[41C[1;30m([37m/?[30m) [0mcommand help[18C[1;30m    [0m[5C[1;30m-ÄÄÄÄÄÄÄÄÄÄÄÄÄÄÄÄÄÄÄÄÄÄÄÄÄÄÄÄÄÄÄÄÄÄÄÄÄÄÄÄÄÄÄÄÄÄÄÄÄÄÄÄÄÄÄÄÄÄÄÄÄÄÄÄÄÄ-Ä [0m
[0m