[40m[2J[0;32mÚ[1;30mÄ[0;32mÄ-[1m-[0;32mÄ[1mÄÄÄ-[0;32mÄ[1mÄ-[0;32mÄ[1m-[0;32mÄÄÄÄ-[1;30mÄ[0;32mÄÄ-[1;30mÄ[0;32mÄ-[1;30mÄÄÄ[0;32m-[1;30mÄÄÄÄÄÄÄÄÄ[0;32m-[1;30mÄÄÄÄÄÄÄÄÄÄÄÄÄÄÄÄÄÄÄÄÄÄÄÄÄÄÄÄÄÄÄÄÄÄÄÄÄ¿
[0;32mğ [1mn[0;32mum  [1ms[0;32mystem [1mn[0;32mame[9C[1mb[0;32maud   [1ms[0;32moftware  [1mp[0;32mhone [1mn[0;32mumber   [1ms[0;32mysop[14Cğ
[1;30mÀÄÄÄÄÄÄÄÄÄÄÄÄÄÄÄÄÄÄÄÄÄÄÄÄÄÄÄÄÄÄÄÄÄ-[0;32mÄ[1;30mÄÄÄÄÄÄÄÄ-[0;32mÄ[1;30mÄÄ-[0;32mÄÄ[1;30m-[0;32mÄÄÄ[1;30m-[0;32mÄÄÄÄ-[1mÄ[0;32m-[1mÄÄ[0;32m-[1mÄÄÄÄÄ[0;32m-[1mÄÄ[0;32mÄÄ[1;30m-ÄÙ[0m
