[2J[0m
[26CE - M a i l   M e n u
[5C[1;30m-ÄÄÄÄÄÄÄÄÄÄÄÄÄÄÄÄÄÄÄÄÄÄÄÄÄÄÄÄÄÄÄÄÄÄÄÄÄÄÄÄÄÄÄÄÄÄÄÄÄÄÄÄÄÄÄÄÄÄÄÄÄÄÄÄÄÄ-Ä [0m
[12C[1;30m([37me[30m) [0menter email[15C[1;30m([37mq[30m) [0mquit to main[7C 
[12C[1;30m([37mg[30m) [0mgoodbye[18C[1;30m([37m/g[30m) [0mgoodbye fast 
[12C[1;30m([37mr[30m) [0mread your email[10C[1;30m([37m/?[30m) [0mcommand help
[5C[1;30m-ÄÄÄÄÄÄÄÄÄÄÄÄÄÄÄÄÄÄÄÄÄÄÄÄÄÄÄÄÄÄÄÄÄÄÄÄÄÄÄÄÄÄÄÄÄÄÄÄÄÄÄÄÄÄÄÄÄÄÄÄÄÄÄÄÄÄ-Ä [0m
[0m