[40m[2J[0m/[1;30mÄÄÄÄÄÄÄÄÄÄÄÄÄÄÄÄÄÄÄÄÄÄÄÄÄÄÄÄÄÄÄÄÄÄÄÄ-[0;31mÄ[1;30mÄ-[0;31mÄÄ[1;30m-[0;31mÄÄÄÄÄÄÄÄ-[1mÄ[0;31mÄ-[1mÄÄ[0;31m-[1mÄÄÄÄÄ\
[30m³  [31mn[0;31mu[1;30mm   [31md[0;31mescriptio[1;30mn[17C[31mf[0;31mile[1;30ms  [31ms[0;31mponso[1;30mr[13C[0;31m³
[1;30m³ùÄ[0mÄ[1mÄÄÄ-[0mÄÄ[1m-[0mÄÄÄÄÄÄÄ-[1;30mÄ[0mÄ-[1;30mÄÄ[0m-[1;30mÄÄÄÄ[0m-[1;30mÄÄÄÄÄÄÄÄÄÄÄÄÄÄÄÄÄÄÄÄÄÄ-Ä--Ä--ùú   ³[0m
