[255D[0;31mз[1;30mд[0;31mд-[1m-[0;31mд[1mддд-[0;31mд[1mд-[0;31mд[1m-[0;31mдддд-[1;30mд[0;31mдд-[1;30mд[0;31mд-[1;30mддд[0;31m-[1;30mддддддддд[0;31m-[1;30mддддддддддддддддддддддддддддддддддддд©
юддддддддддддддддддддддддддддддддд-[0;31mд[1;30mдддддддд-[0;31mд[1;30mдд-[0;31mдд[1;30m-[0;31mддд[1;30m-[0;31mдддд-[1mд[0;31m-[1mдд[0;31m-[1mддддд[0;31m-[1mдд[0;31mдд[1;30m-ды[0m
