[40m[2J[40m
[0;1;30m[15C[0mi [1;30mn i q u i t y    [0mt [1;30me t r i s    [0ms [1;30mc o r e s

[11C[0;31m˛±[1;30m‹ [0;31m‹‹≤‹  ‹‹≤‹‹[1m‹[0;31m‹˛[9C‹ ‹[1m‹[0;31m‹‹≤‹    ‹‹‹≤‹  ‹≤‹
[8C[1;30m‹ﬂ‹≤[41m≤ [31m∞[37mr[0;41mank[1;31m± [37mu[0;41msername [1;31m‹± ﬂ± ‹ [30m∞ [37ms[0;41mcore [1;31m∞ﬂ ±[37ml[0;41mevel [1ml[0;41mines[1;30m∞≤[40m‹≤ﬂ‹
[10C˛ ﬂ[31m˛[0;31mﬂ± ˛ﬂ≤ﬂ ﬂ[1mﬂ [0;31m≤ﬂﬂ[1m˛ [0;31mﬂ≤[5Cﬂ≤ﬂﬂ‹ﬂ≤≤[1mﬂ [0;31mﬂ   ‹ ﬂﬂ≤ﬂ‹[1m˛[0;31mﬂ [1;30mﬂ≤
[0m
