[40m[2J[0;1m\ÄÄÄÄ-[0mÄ[1mÄ-[0mÄÄ[1m-[0mÄÄ-[1;30mÄ[0m-[1;30mÄ-Ä--: [37min[0miqu[1;30mity [37ml[0mas[1;30mt [37mf[0me[1;30mw [37mb[0mb[1;30ms [37mc[0malle[1;30mrs :ù-ÄÄ-ÄÄÄÄÄÄ-ÄÄÄÄÄÄÄÄÄÄÄ/
[0m³[1;30m-[0;34m-[1mÄÄ-[0;34mÄ[1mÄ-[0;34mÄÄ[1m-[0;34mÄÄÄÄ-[1;30mÄ[0;34mÄ-[1;30mÄÄ[0;34m-[1;30mÄÄÄÄÄÄÄÄÄÄÄÄÄÄÄÄÄÄÄÄÄÄÄÄÄÄÄÄÄÄÄÄÄÄÄÄÄÄÄÄÄÄÄÄÄÄÄÄÄÄÄÄÄÄÄ³
[0m: [1mn[0mu[1;30mm    [37mus[0mern[1;30mame[11C[37mlo[0mcat[1;30mion[16C[37mt[0mim[1;30me[5C[37mb[0mau[1;30md   [37mn[0me[1;30mw  [37ma[0mre[1;30ma :
[0m/[1mÄÄ-[0mÄ[1m-[0mÄÄ-[1;30mÄ[0mÄ-[1;30mÄ[0m-[1;30mÄÄ[0m-[1;30mÄÄÄ[0m-[1;30mÄÄÄÄÄÄ[0m-[1;30mÄÄÄÄÄÄÄÄÄÄÄÄÄÄÄÄÄÄÄÄÄÄÄÄÄÄÄÄÄÄÄÄ-ÄÄÄÄÄÄÄÄÄÄ-ÄÄ-Ä-Ä\[0m
