[40m[2J[0;1mÚÄÄÄÄÄ[0mÄ[1mÄÄ[0mÄÄ[1mÄ[0mÄÄÄÄÄ[1;30mÄ[0mÄÄ[1;30mÄÄ[0mÄ [1mi[0mn[1;30miquity [34me[0;34ml[1;30mectronic [34mm[0;34ma[1;30mil [34ms[0;34my[1;30mstem ÄÄÄÄÄÄÄÄÄÄÄÄÄÄÄÄÄÄÄÄÄÄ¿
[37m³[34mÄÄÄÄÄ[0;34mÄ[1mÄÄ[0;34mÄÄ[1mÄ[0;34mÄÄÄÄÄ[1;30mÄ[0;34mÄÄ[1;30mÄÄ[0;34mÄ[1;30mÄÄÄÄÄÄÄÄÄÄÄÄÄÄÄÄÄÄÄÄÄÄÄÄÄÄÄÄÄÄÄÄÄÄÄÄÄÄÄÄÄÄÄÄÄÄÄÄÄÄÄÄÄÄÄ³
[37m| [34mn[0;34mu[1;30mm  [34mt[0;34mi[1;30mtle[16C[34ms[0;34me[1;30mnder[10C[34mr[0;34me[1;30mceiver[8C[34md[0;34ma[1;30mte[6C[34mt[0;34mi[1;30mme    ³
[0m³[1;34mÄÄÄÄÄ[0;34mÄ[1mÄÄ[0;34mÄÄ[1mÄ[0;34mÄÄÄÄÄ[1;30mÄ[0;34mÄÄ[1;30mÄÄ[0;34mÄ[1;30mÄÄÄÄÄÄÄÄÄÄÄÄÄÄÄÄÄÄÄÄÄÄÄÄÄÄÄÄÄÄÄÄÄÄÄÄÄÄÄÄÄÄÄÄÄÄÄÄÄÄÄÄÄÄÄ³
~TL[0m
