[40m[2J[0m/[1;30mÄÄÄÄÄÄÄÄÄÄÄÄÄÄÄÄÄÄÄÄÄÄÄÄÄÄÄÄÄÄÄÄÄÄÄÄ-[0;35mÄ[1;30mÄ-[0;35mÄÄ[1;30m-[0;35mÄÄÄÄÄÄÄÄ-[1mÄ[0;35mÄ-[1mÄÄ[0;35m-[1mÄÄÄÄÄ\
[30m³  [35mn[0;35mu[1;30mm   [35md[0;35mescriptio[1;30mn[16C[35mm[0;35msg[1;30ms    [35ms[0;35mponso[1;30mr[13C[0;35m³
[1;30m³ùÄ[0mÄ[1mÄÄÄ-[0mÄÄ[1m-[0mÄÄÄÄÄÄÄ-[1;30mÄ[0mÄ-[1;30mÄÄ[0m-[1;30mÄÄÄÄ[0m-[1;30mÄÄÄÄÄÄÄÄÄÄÄÄÄÄÄÄÄÄÄÄÄÄ-Ä--Ä--ùú   ³[0m
