
[255D[1C[0;1;30m±‹‹≤‹‹‹‹‹€‹ ‹‹ ‹‹‹≤‹‹‹‹‹‹ ‹≤‹‹‹‹‹‹‹‹‹‹‹‹‹‹‹‹‹‹‹‹‹‹‹‹‹‹≤‹‹‹‹‹‹[0m‹[1;30m‹‹‹‹[0m‹[1;30m‹‹[0m‹≤[1;30m‹[0m‹‹[1;30m‹[0m‹≤[1m‹
   [30mﬂﬂ  ﬂﬂ≤ ﬂﬂﬂ≤ﬂﬂﬂﬂﬂﬂﬂﬂﬂﬂﬂﬂﬂﬂﬂﬂﬂﬂﬂﬂﬂﬂﬂﬂﬂﬂﬂﬂﬂﬂﬂﬂﬂﬂﬂﬂ≤ﬂﬂﬂﬂﬂﬂ[0mﬂ[1;30mﬂﬂﬂﬂﬂﬂﬂ[0mﬂ[1;30mﬂﬂ[0mﬂ[1;30mﬂ[0mﬂﬂ[1;30;47m≤[0mﬂ[1;30;47m‹[37m±[40mﬂ[0m
