[40m[2J[0;1;30m\[0m-[1mÄÄÄ-[0mÄ[1mÄ-[0mÄÄ[1m-[0mÄÄÄÄÄ-[1;30mÄ[0mÄ-[1;30mÄÄ[0m-[1;30mÄÄÄ-ÄÄ--ù ú /
: [32mk[0;32me[1;30my  [37md[0me[1;32mscri[0;32mpti[1;30mon    [37mt[32my[0;32mp[1;30me[10C:
/ ú ù-ÄÄ-ÄÄÄ-[0mÄ[1;30mÄ-[0mÄÄ[1;30m-[0mÄÄÄÄÄ-[1mÄ[0mÄ-[1mÄÄ[0m-[1mÄÄÄÄ[0mÄ[1;30m\[0m
