[40m[2J[40m
[0;1;30m[24C[0mQ W K - M a i l   M e n u
[5C[1;30m-ÄÄÄÄÄÄÄÄÄÄÄÄÄÄÄÄÄÄÄÄÄÄÄÄÄÄÄÄÄÄÄÄÄÄÄÄÄÄÄÄÄÄÄÄÄÄÄÄÄÄÄÄÄÄÄÄÄÄÄÄÄÄÄÄÄÄ-Ä
[9C([37md[30m) [0mdownload qwk packet[7C[1;30m([37ms[30m) [0mset pointer date
[9C[1;30m([37mg[30m) [0mgoodbye[19C[1;30m([37mu[30m) [0mupload reply packet
[9C[1;30m([37mj[30m) [0mjoin conference[10C[1;30m([37m/g[30m) [0mgoodbye fast
[9C[1;30m([37mq[30m) [0mquit to main[13C[1;30m([37m/?[30m) [0mcommand help
[5C[1;30m-ÄÄÄÄÄÄÄÄÄÄÄÄÄÄÄÄÄÄÄÄÄÄÄÄÄÄÄÄÄÄÄÄÄÄÄÄÄÄÄÄÄÄÄÄÄÄÄÄÄÄÄÄÄÄÄÄÄÄÄÄÄÄÄÄÄÄ-Ä[0m
