[40m[2J[2C[0;1;35md[0;35mis[1;30mplaying[Ca[C[35mb[0;35mb[1;30ms[45C[37mi[0mni[1;30mquity[C%IV[2;1H[0m/[1;30mÄÄÄÄÄÄÄÄÄÄÄÄÄÄÄÄÄÄÄÄÄÄÄÄÄÄÄÄÄÄÄÄÄÄÄÄÄÄÄÄÄÄÄÄÄÄÄÄÄÄÄÄÄÄÄÄÄÄÄÄÄÄÄÄÄÄÄÄÄÄÄÄÄÄÄÄÄ[0m\[3;1H[1;30m³[C[37mB[0mB[1;30mS[C[37mN[0mam[1;30me[5C:[4;1H³[C[37mP[0mho[1;30mne[C[37mN[0mumb[1;30mer[C:[62Cú[5;1H|[C[37mS[0mys[1;30mOp[C[37mN[0mam[1;30me[3C:[62Cù[6;1H:[C[37mB[0mau[1;30md[C[37mR[0mat[1;30me[4C:[62C:[7;1Hù[C[37mSo[0mftwa[1;30mre[5C:[62C|[8;1Hú[C[37mSt[0mora[1;30mge[6C:[62C³[9;3H[37mO[0mth[1;30mer[C[37mI[0mnf[1;30mo[3C:[62C³[10;1H[0m\[1;30mÄÄÄÄÄÄÄÄÄÄÄÄÄÄÄÄÄÄÄÄÄÄÄÄÄÄÄÄÄÄÄÄÄÄÄÄÄÄÄÄÄÄÄÄÄÄÄÄÄÄÄÄÄÄÄÄÄÄÄÄÄÄÄÄÄÄÄÄÄÄÄÄÄÄÄÄÄ[0m/[3;18H[1;35m~BN[1;1H [4;18H[0;35m~PN[5;18H~SN[6;18H~BR[7;18H~SF[8;18H~ST[9;18H~IN[11;1H~OT[19;1H[0m